// Jest Snapshot v1, https://goo.gl/fbAQLP

exports[`<LoadIndicator /> renders a load indicator 1`] = `
<div
  className="loader--container"
>
  <div
    className="loader"
  />
</div>
`;
